../Core/Src/PMSM_FUNC.c:81:13:linkThrottle	16	static
../Core/Src/PMSM_FUNC.c:85:13:linkHallSensor	16	static
../Core/Src/PMSM_FUNC.c:90:13:linkComm	16	static
../Core/Src/PMSM_FUNC.c:94:13:linkMotor	16	static
../Core/Src/PMSM_FUNC.c:101:13:linkDriveTimer	16	static
../Core/Src/PMSM_FUNC.c:105:6:initController	8	static
../Core/Src/PMSM_FUNC.c:114:6:HAL_GPIO_EXTI_Callback	32	static
../Core/Src/PMSM_FUNC.c:133:6:HAL_TIM_PeriodElapsedCallback	16	static
../Core/Src/PMSM_FUNC.c:157:6:PMSM_Init	8	static
../Core/Src/PMSM_FUNC.c:163:10:getThrottleStartValue	8	static
../Core/Src/PMSM_FUNC.c:167:9:getRotorSector	8	static
../Core/Src/PMSM_FUNC.c:177:6:PMSM_setPWMFreq	16	static
../Core/Src/PMSM_FUNC.c:181:10:PMSM_getPWMFreq	16	static
../Core/Src/PMSM_FUNC.c:186:6:PMSM_startPWMToYGB	8	static
../Core/Src/PMSM_FUNC.c:202:10:PMSM_ADCToPWM	24	static
../Core/Src/PMSM_FUNC.c:218:6:setMotorSpinDirection	16	static
../Core/Src/PMSM_FUNC.c:221:9:getMotorSpinDirection	8	static
../Core/Src/PMSM_FUNC.c:224:6:setMotorRunningState	16	static
../Core/Src/PMSM_FUNC.c:227:6:isMotorRunning	8	static
../Core/Src/PMSM_FUNC.c:231:10:PMSM_GetSpeed	8	static
../Core/Src/PMSM_FUNC.c:236:6:PMSM_MotorStop	8	static
../Core/Src/PMSM_FUNC.c:251:6:BLDC_MotorCommutation	16	static
../Core/Src/PMSM_FUNC.c:276:6:PMSM_generateLookUpTable	40	static
../Core/Src/PMSM_FUNC.c:292:10:getPhase	16	static
../Core/Src/PMSM_FUNC.c:298:6:PMSM_SetPWMWidthToYGB	16	static
../Core/Src/PMSM_FUNC.c:304:6:PMSM_updatePMSMPWMVariable	16	static
../Core/Src/PMSM_FUNC.c:309:6:isReverseButtonPressed	8	static
